download train-00000-of-00013-b6971806b485b32b.parquet
  train-00000-of-00013-b6971806b485b32b.parquet: 282 images, total 282
download train-00001-of-00013-3ef9284bda48b8de.parquet
skip train-00000-of-00013-b6971806b485b32b.parquet
download train-00001-of-00013-3ef9284bda48b8de.parquet
  train-00001-of-00013-3ef9284bda48b8de.parquet: 282 images, total 564
download train-00002-of-00013-3007d5f3a80d01a9.parquet
  train-00002-of-00013-3007d5f3a80d01a9.parquet: 282 images, total 846
download train-00003-of-00013-719dc2a41d6066fd.parquet
  train-00003-of-00013-719dc2a41d6066fd.parquet: 282 images, total 1128
download train-00004-of-00013-1f950a0df3320b4b.parquet
  train-00004-of-00013-1f950a0df3320b4b.parquet: 282 images, total 1410
download train-00005-of-00013-c0ede249a4a1709b.parquet
  train-00005-of-00013-c0ede249a4a1709b.parquet: 282 images, total 1692
download train-00006-of-00013-da6bef6a92e83c30.parquet
  train-00006-of-00013-da6bef6a92e83c30.parquet: 282 images, total 1974
download train-00007-of-00013-4f07a72750e770a9.parquet
  train-00007-of-00013-4f07a72750e770a9.parquet: 282 images, total 2256
download train-00008-of-00013-f29fe432adc405e3.parquet
python(28419) MallocStackLogging: can't turn off malloc stack logging because it was not enabled.
  train-00008-of-00013-f29fe432adc405e3.parquet: 282 images, total 2538
download train-00009-of-00013-8df8c03a53f6153a.parquet
python(37699) MallocStackLogging: can't turn off malloc stack logging because it was not enabled.
  train-00009-of-00013-8df8c03a53f6153a.parquet: 281 images, total 2819
download train-00010-of-00013-5ce8efdfff11f693.parquet
python(50022) MallocStackLogging: can't turn off malloc stack logging because it was not enabled.
  train-00010-of-00013-5ce8efdfff11f693.parquet: 281 images, total 3100
download train-00011-of-00013-dc0bde52a2716ecc.parquet
python(61545) MallocStackLogging: can't turn off malloc stack logging because it was not enabled.
  train-00011-of-00013-dc0bde52a2716ecc.parquet: 281 images, total 3381
download train-00012-of-00013-2fde0e05e0019c87.parquet
python(69103) MallocStackLogging: can't turn off malloc stack logging because it was not enabled.
  train-00012-of-00013-2fde0e05e0019c87.parquet: 281 images, total 3662
total 3662 unique files 3534
label
0    1805
1     370
2     999
3     193
4     295
